// Jest Snapshot v1, https://goo.gl/fbAQLP

exports[`renders 1`] = `
<div>
  <div
    className="buttons"
  >
    <button
      disabled={true}
      onClick={[Function]}
    >
      Previous
    </button>
    <button
      disabled={true}
      onClick={[Function]}
    >
      Next
    </button>
  </div>
</div>
`;
